int main() {
   int a;
   a = 11;
   if (1 < 4) {
      a = 12;
   }
   return a;
}
