int main() {
   int a;
   if (1 < 4) {
      a = 12;
   } else {
      a = 13;
   }
   return a;
}
